00:00 [32m+0[0m: [1m[90mloading test/e2e_integration_test.dart[0m[0m
00:00 [32m+0[0m: test/e2e_integration_test.dart: End-to-End Integration Tests creates a repo, makes a commit, branches, and merges successfully[0m
00:00 [32m+1[0m: test/e2e_integration_test.dart: End-to-End Integration Tests creates a repo, makes a commit, branches, and merges successfully[0m
00:00 [32m+2[0m: test/e2e_integration_test.dart: End-to-End Integration Tests creates a repo, makes a commit, branches, and merges successfully[0m
00:00 [32m+3[0m: test/e2e_integration_test.dart: End-to-End Integration Tests creates a repo, makes a commit, branches, and merges successfully[0m
00:00 [32m+4[0m: test/e2e_integration_test.dart: End-to-End Integration Tests creates a repo, makes a commit, branches, and merges successfully[0m
00:00 [32m+5[0m: test/e2e_integration_test.dart: End-to-End Integration Tests creates a repo, makes a commit, branches, and merges successfully[0m
00:00 [32m+6[0m: test/e2e_integration_test.dart: End-to-End Integration Tests creates a repo, makes a commit, branches, and merges successfully[0m
hello
00:00 [32m+7[0m: test/e2e_integration_test.dart: End-to-End Integration Tests creates a repo, makes a commit, branches, and merges successfully[0m
00:00 [32m+8[0m: test/e2e_integration_test.dart: End-to-End Integration Tests creates a repo, makes a commit, branches, and merges successfully[0m
00:00 [32m+9[0m: test/e2e_integration_test.dart: End-to-End Integration Tests creates a repo, makes a commit, branches, and merges successfully[0m
clean00:00 [32m+10[0m: test/e2e_integration_test.dart: End-to-End Integration Tests creates a repo, makes a commit, branches, and merges successfully[0m
00:00 [32m+11[0m: test/e2e_integration_test.dart: End-to-End Integration Tests creates a repo, makes a commit, branches, and merges successfully[0m
00:00 [32m+12[0m: test/e2e_integration_test.dart: End-to-End Integration Tests creates a repo, makes a commit, branches, and merges successfully[0m
00:00 [32m+13[0m: test/e2e_integration_test.dart: End-to-End Integration Tests creates a repo, makes a commit, branches, and merges successfully[0m
00:00 [32m+14[0m: test/e2e_integration_test.dart: End-to-End Integration Tests creates a repo, makes a commit, branches, and merges successfully[0m
00:00 [32m+15[0m: test/e2e_integration_test.dart: End-to-End Integration Tests creates a repo, makes a commit, branches, and merges successfully[0m
00:00 [32m+16[0m: test/e2e_integration_test.dart: End-to-End Integration Tests creates a repo, makes a commit, branches, and merges successfully[0m
00:00 [32m+17[0m: test/e2e_integration_test.dart: End-to-End Integration Tests creates a repo, makes a commit, branches, and merges successfully[0m
00:00 [32m+18[0m: test/e2e_integration_test.dart: End-to-End Integration Tests creates a repo, makes a commit, branches, and merges successfully[0m
00:00 [32m+19[0m: test/e2e_integration_test.dart: End-to-End Integration Tests creates a repo, makes a commit, branches, and merges successfully[0m
00:00 [32m+20[0m: test/e2e_integration_test.dart: End-to-End Integration Tests creates a repo, makes a commit, branches, and merges successfully[0m
00:00 [32m+21[0m: test/e2e_integration_test.dart: End-to-End Integration Tests creates a repo, makes a commit, branches, and merges successfully[0m
00:00 [32m+22[0m: test/e2e_integration_test.dart: End-to-End Integration Tests creates a repo, makes a commit, branches, and merges successfully[0m
00:00 [32m+23[0m: test/e2e_integration_test.dart: End-to-End Integration Tests creates a repo, makes a commit, branches, and merges successfully[0m
00:00 [32m+24[0m: test/e2e_integration_test.dart: End-to-End Integration Tests creates a repo, makes a commit, branches, and merges successfully[0m
00:00 [32m+24[0m[31m -1[0m: [1m[90mloading test/code_quality_tracker_extended_test.dart[0m [1m[31m[E][0m[0m
  [31mFailed to load "test/code_quality_tracker_extended_test.dart":[0m
  test/code_quality_tracker_extended_test.dart:6:10: Error: Type 'ProcessResult' not found.
    Future<ProcessResult> run(
           ^^^^^^^^^^^^^
  test/code_quality_tracker_extended_test.dart:126:10: Error: Type 'ProcessResult' not found.
    Future<ProcessResult> runStreamed(
           ^^^^^^^^^^^^^
  test/code_quality_tracker_extended_test.dart:4:7: Error: The non-abstract class 'MockDispatchingRunner' is missing implementations for these members:
   - ProcessRunner.runStream
  Try to either
   - provide an implementation,
   - inherit an implementation from a superclass or mixin,
   - mark the class as abstract, or
   - provide a 'noSuchMethod' implementation.
  class MockDispatchingRunner implements ProcessRunner {
        ^^^^^^^^^^^^^^^^^^^^^
  lib/src/core/process_runner.dart:25:18: Context: 'ProcessRunner.runStream' is defined here.
    Stream<String> runStream(String executable, List<String> arguments,
                   ^^^^^^^^^
  test/code_quality_tracker_extended_test.dart:6:25: Error: The method 'MockDispatchingRunner.run' doesn't have the named parameter 'streamOutput' of overridden method 'ProcessRunner.run'.
    Future<ProcessResult> run(
                          ^
  lib/src/core/process_runner.dart:20:25: Context: This is the overridden method ('run').
    Future<ProcessResult> run(String executable, List<String> arguments,
                          ^
  test/code_quality_tracker_extended_test.dart:122:12: Error: The method 'ProcessResult' isn't defined for the type 'MockDispatchingRunner'.
   - 'MockDispatchingRunner' is from 'test/code_quality_tracker_extended_test.dart'.
  Try correcting the name to the name of an existing method, or defining a method named 'ProcessResult'.
      return ProcessResult(0, 0, stdoutStr, '');
             ^^^^^^^^^^^^^
  test/code_quality_tracker_extended_test.dart:171:39: Error: Too many positional arguments: 0 allowed, but 1 found.
  Try removing the extra positional arguments.
        final runner = MockProcessRunner(
                                        ^
  lib/src/core/process_runner.dart:120:3: Context: Found this candidate, but the arguments don't match.
    MockProcessRunner();
    ^^^^^^^^^^^^^^^^^
  test/code_quality_tracker_extended_test.dart:153:24: Error: The getter 'reports' isn't defined for the type 'DependencyManifestDto'.
   - 'DependencyManifestDto' is from 'package:rw_git/src/models/dependency_manifest_dto.dart' ('lib/src/models/dependency_manifest_dto.dart').
  Try correcting the name to the name of an existing getter, or defining a getter or field named 'reports'.
        expect(manifests.reports.length, 7); // 6 root + 1 nested
                         ^^^^^^^
  test/code_quality_tracker_extended_test.dart:174:36: Error: The method 'parseConventionalCommits' isn't defined for the type 'CodeQualityTracker'.
   - 'CodeQualityTracker' is from 'package:rw_git/src/quality/code_quality_tracker.dart' ('lib/src/quality/code_quality_tracker.dart').
  Try correcting the name to the name of an existing method, or defining a method named 'parseConventionalCommits'.
        final result = await tracker.parseConventionalCommits('dummyDir');
                                     ^^^^^^^^^^^^^^^^^^^^^^^^
00:00 [32m+24[0m[31m -2[0m: [1m[90mloading test/new_git_commands_test.dart[0m [1m[31m[E][0m[0m
  [31mFailed to load "test/new_git_commands_test.dart":[0m
  test/new_git_commands_test.dart:6:10: Error: Type 'ProcessResult' not found.
    Future<ProcessResult> run(String executable, List<String> arguments,
           ^^^^^^^^^^^^^
  test/new_git_commands_test.dart:20:10: Error: Type 'ProcessResult' not found.
    Future<ProcessResult> run(String executable, List<String> arguments,
           ^^^^^^^^^^^^^
  test/new_git_commands_test.dart:22:12: Error: The method 'ProcessResult' isn't defined for the type 'MockNullStdoutRunner'.
   - 'MockNullStdoutRunner' is from 'test/new_git_commands_test.dart'.
  Try correcting the name to the name of an existing method, or defining a method named 'ProcessResult'.
      return ProcessResult(0, 0, null, '');
             ^^^^^^^^^^^^^
00:00 [32m+25[0m[31m -2[0m: test/e2e_integration_test.dart: End-to-End Integration Tests creates a repo, makes a commit, branches, and merges successfully[0m
00:00 [32m+26[0m[31m -2[0m: test/e2e_integration_test.dart: End-to-End Integration Tests creates a repo, makes a commit, branches, and merges successfully[0m
00:00 [32m+27[0m[31m -2[0m: test/e2e_integration_test.dart: End-to-End Integration Tests creates a repo, makes a commit, branches, and merges successfully[0m
00:00 [32m+28[0m[31m -2[0m: test/e2e_integration_test.dart: End-to-End Integration Tests creates a repo, makes a commit, branches, and merges successfully[0m
00:00 [32m+29[0m[31m -2[0m: test/e2e_integration_test.dart: End-to-End Integration Tests creates a repo, makes a commit, branches, and merges successfully[0m
00:00 [32m+30[0m[31m -2[0m: test/e2e_integration_test.dart: End-to-End Integration Tests creates a repo, makes a commit, branches, and merges successfully[0m
00:00 [32m+31[0m[31m -2[0m: test/e2e_integration_test.dart: End-to-End Integration Tests creates a repo, makes a commit, branches, and merges successfully[0m
00:00 [32m+32[0m[31m -2[0m: test/e2e_integration_test.dart: End-to-End Integration Tests creates a repo, makes a commit, branches, and merges successfully[0m
00:00 [32m+33[0m[31m -2[0m: test/e2e_integration_test.dart: End-to-End Integration Tests creates a repo, makes a commit, branches, and merges successfully[0m
00:00 [32m+34[0m[31m -2[0m: test/e2e_integration_test.dart: End-to-End Integration Tests creates a repo, makes a commit, branches, and merges successfully[0m
00:00 [32m+35[0m[31m -2[0m: test/e2e_integration_test.dart: End-to-End Integration Tests creates a repo, makes a commit, branches, and merges successfully[0m
00:00 [32m+36[0m[31m -2[0m: test/e2e_integration_test.dart: End-to-End Integration Tests creates a repo, makes a commit, branches, and merges successfully[0m
00:00 [32m+37[0m[31m -2[0m: test/e2e_integration_test.dart: End-to-End Integration Tests creates a repo, makes a commit, branches, and merges successfully[0m
00:00 [32m+38[0m[31m -2[0m: test/e2e_integration_test.dart: End-to-End Integration Tests creates a repo, makes a commit, branches, and merges successfully[0m
00:00 [32m+39[0m[31m -2[0m: test/e2e_integration_test.dart: End-to-End Integration Tests creates a repo, makes a commit, branches, and merges successfully[0m
00:00 [32m+40[0m[31m -2[0m: test/e2e_integration_test.dart: End-to-End Integration Tests creates a repo, makes a commit, branches, and merges successfully[0m
00:00 [32m+41[0m[31m -2[0m: test/e2e_integration_test.dart: End-to-End Integration Tests creates a repo, makes a commit, branches, and merges successfully[0m
00:00 [32m+42[0m[31m -2[0m: test/e2e_integration_test.dart: End-to-End Integration Tests creates a repo, makes a commit, branches, and merges successfully[0m
00:00 [32m+43[0m[31m -2[0m: test/e2e_integration_test.dart: End-to-End Integration Tests creates a repo, makes a commit, branches, and merges successfully[0m
00:00 [32m+44[0m[31m -2[0m: test/e2e_integration_test.dart: End-to-End Integration Tests creates a repo, makes a commit, branches, and merges successfully[0m
00:00 [32m+45[0m[31m -2[0m: test/e2e_integration_test.dart: End-to-End Integration Tests creates a repo, makes a commit, branches, and merges successfully[0m
00:00 [32m+46[0m[31m -2[0m: test/e2e_integration_test.dart: End-to-End Integration Tests creates a repo, makes a commit, branches, and merges successfully[0m
00:00 [32m+47[0m[31m -2[0m: test/e2e_integration_test.dart: End-to-End Integration Tests creates a repo, makes a commit, branches, and merges successfully[0m
00:00 [32m+48[0m[31m -2[0m: test/e2e_integration_test.dart: End-to-End Integration Tests creates a repo, makes a commit, branches, and merges successfully[0m
00:00 [32m+49[0m[31m -2[0m: test/e2e_integration_test.dart: End-to-End Integration Tests creates a repo, makes a commit, branches, and merges successfully[0m
00:00 [32m+50[0m[31m -2[0m: test/e2e_integration_test.dart: End-to-End Integration Tests creates a repo, makes a commit, branches, and merges successfully[0m
00:00 [32m+51[0m[31m -2[0m: test/e2e_integration_test.dart: End-to-End Integration Tests creates a repo, makes a commit, branches, and merges successfully[0m
00:00 [32m+52[0m[31m -2[0m: test/e2e_integration_test.dart: End-to-End Integration Tests creates a repo, makes a commit, branches, and merges successfully[0m
00:00 [32m+53[0m[31m -2[0m: test/e2e_integration_test.dart: End-to-End Integration Tests creates a repo, makes a commit, branches, and merges successfully[0m
00:00 [32m+54[0m[31m -2[0m: test/e2e_integration_test.dart: End-to-End Integration Tests creates a repo, makes a commit, branches, and merges successfully[0m
00:00 [32m+55[0m[31m -2[0m: test/get_commits_between_test.dart: getCommitsBetween output count will be greater than 0, if the provided repository and tags are valid[0m
00:00 [32m+56[0m[31m -2[0m: test/get_commits_between_test.dart: getCommitsBetween output count will be greater than 0, if the provided repository and tags are valid[0m
00:00 [32m+57[0m[31m -2[0m: test/get_commits_between_test.dart: getCommitsBetween output count will be greater than 0, if the provided repository and tags are valid[0m
00:00 [32m+58[0m[31m -2[0m: test/get_commits_between_test.dart: getCommitsBetween output count will be greater than 0, if the provided repository and tags are valid[0m
00:00 [32m+59[0m[31m -2[0m: test/get_commits_between_test.dart: getCommitsBetween output count will be greater than 0, if the provided repository and tags are valid[0m
00:00 [32m+60[0m[31m -2[0m: test/get_commits_between_test.dart: getCommitsBetween output count will be greater than 0, if the provided repository and tags are valid[0m
00:00 [32m+61[0m[31m -2[0m: test/get_commits_between_test.dart: getCommitsBetween output count will be greater than 0, if the provided repository and tags are valid[0m
00:00 [32m+62[0m[31m -2[0m: test/get_commits_between_test.dart: getCommitsBetween output count will be greater than 0, if the provided repository and tags are valid[0m
00:00 [32m+63[0m[31m -2[0m: test/get_commits_between_test.dart: getCommitsBetween output count will be greater than 0, if the provided repository and tags are valid[0m
00:00 [32m+64[0m[31m -2[0m: test/get_commits_between_test.dart: getCommitsBetween output count will be greater than 0, if the provided repository and tags are valid[0m
00:00 [32m+65[0m[31m -2[0m: test/get_commits_between_test.dart: getCommitsBetween output count will be greater than 0, if the provided repository and tags are valid[0m
00:00 [32m+66[0m[31m -2[0m: test/get_commits_between_test.dart: getCommitsBetween output count will be greater than 0, if the provided repository and tags are valid[0m
00:00 [32m+67[0m[31m -2[0m: test/get_commits_between_test.dart: getCommitsBetween output count will be greater than 0, if the provided repository and tags are valid[0m
00:00 [32m+68[0m[31m -2[0m: test/get_commits_between_test.dart: getCommitsBetween output count will be greater than 0, if the provided repository and tags are valid[0m
00:00 [32m+69[0m[31m -2[0m: test/get_commits_between_test.dart: getCommitsBetween output count will be greater than 0, if the provided repository and tags are valid[0m
00:00 [32m+70[0m[31m -2[0m: test/get_commits_between_test.dart: getCommitsBetween output count will be greater than 0, if the provided repository and tags are valid[0m
00:00 [32m+71[0m[31m -2[0m: test/get_commits_between_test.dart: getCommitsBetween output count will be greater than 0, if the provided repository and tags are valid[0m
00:00 [32m+72[0m[31m -2[0m: test/get_commits_between_test.dart: getCommitsBetween output count will be greater than 0, if the provided repository and tags are valid[0m
00:00 [32m+73[0m[31m -2[0m: test/get_commits_between_test.dart: getCommitsBetween output count will be greater than 0, if the provided repository and tags are valid[0m
00:00 [32m+74[0m[31m -2[0m: test/get_commits_between_test.dart: getCommitsBetween output count will be greater than 0, if the provided repository and tags are valid[0m
00:00 [32m+75[0m[31m -2[0m: test/get_commits_between_test.dart: getCommitsBetween output count will be greater than 0, if the provided repository and tags are valid[0m
00:00 [32m+76[0m[31m -2[0m: test/get_commits_between_test.dart: getCommitsBetween output count will be greater than 0, if the provided repository and tags are valid[0m
00:00 [32m+77[0m[31m -2[0m: test/get_commits_between_test.dart: getCommitsBetween output count will be greater than 0, if the provided repository and tags are valid[0m
00:00 [32m+78[0m[31m -2[0m: test/get_commits_between_test.dart: getCommitsBetween output count will be greater than 0, if the provided repository and tags are valid[0m
00:00 [32m+79[0m[31m -2[0m: test/get_commits_between_test.dart: getCommitsBetween output count will be greater than 0, if the provided repository and tags are valid[0m
00:00 [32m+80[0m[31m -2[0m: test/get_commits_between_test.dart: getCommitsBetween output count will be greater than 0, if the provided repository and tags are valid[0m
00:00 [32m+81[0m[31m -2[0m: test/get_commits_between_test.dart: getCommitsBetween output count will be greater than 0, if the provided repository and tags are valid[0m
00:00 [32m+82[0m[31m -2[0m: test/get_commits_between_test.dart: getCommitsBetween output count will be greater than 0, if the provided repository and tags are valid[0m
00:00 [32m+83[0m[31m -2[0m: test/get_commits_between_test.dart: getCommitsBetween output count will be greater than 0, if the provided repository and tags are valid[0m
00:00 [32m+84[0m[31m -2[0m: test/get_commits_between_test.dart: getCommitsBetween output count will be greater than 0, if the provided repository and tags are valid[0m
00:00 [32m+85[0m[31m -2[0m: test/get_commits_between_test.dart: getCommitsBetween output count will be greater than 0, if the provided repository and tags are valid[0m
00:00 [32m+86[0m[31m -2[0m: test/get_commits_between_test.dart: getCommitsBetween output count will be greater than 0, if the provided repository and tags are valid[0m
00:00 [32m+87[0m[31m -2[0m: test/get_commits_between_test.dart: getCommitsBetween output count will be greater than 0, if the provided repository and tags are valid[0m
00:00 [32m+88[0m[31m -2[0m: test/get_commits_between_test.dart: getCommitsBetween output count will be greater than 0, if the provided repository and tags are valid[0m
00:00 [32m+89[0m[31m -2[0m: test/get_commits_between_test.dart: getCommitsBetween output count will be greater than 0, if the provided repository and tags are valid[0m
00:00 [32m+90[0m[31m -2[0m: test/get_commits_between_test.dart: getCommitsBetween output count will be greater than 0, if the provided repository and tags are valid[0m
00:00 [32m+91[0m[31m -2[0m: test/get_commits_between_test.dart: getCommitsBetween output count will be greater than 0, if the provided repository and tags are valid[0m
00:00 [32m+92[0m[31m -2[0m: test/get_commits_between_test.dart: getCommitsBetween output count will be greater than 0, if the provided repository and tags are valid[0m
00:00 [32m+93[0m[31m -2[0m: test/get_commits_between_test.dart: getCommitsBetween output count will be greater than 0, if the provided repository and tags are valid[0m
00:00 [32m+94[0m[31m -2[0m: test/get_commits_between_test.dart: getCommitsBetween output count will be greater than 0, if the provided repository and tags are valid[0m
00:00 [32m+95[0m[31m -2[0m: test/get_commits_between_test.dart: getCommitsBetween output count will be greater than 0, if the provided repository and tags are valid[0m
00:00 [32m+96[0m[31m -2[0m: test/get_commits_between_test.dart: getCommitsBetween output count will be greater than 0, if the provided repository and tags are valid[0m
00:00 [32m+97[0m[31m -2[0m: test/get_commits_between_test.dart: getCommitsBetween output count will be greater than 0, if the provided repository and tags are valid[0m
00:00 [32m+98[0m[31m -2[0m: test/get_commits_between_test.dart: getCommitsBetween output count will be greater than 0, if the provided repository and tags are valid[0m
00:00 [32m+99[0m[31m -2[0m: test/get_commits_between_test.dart: getCommitsBetween output count will be greater than 0, if the provided repository and tags are valid[0m
00:00 [32m+100[0m[31m -2[0m: test/get_commits_between_test.dart: getCommitsBetween output count will be greater than 0, if the provided repository and tags are valid[0m
00:00 [32m+101[0m[31m -2[0m: test/get_commits_between_test.dart: getCommitsBetween output count will be greater than 0, if the provided repository and tags are valid[0m
00:00 [32m+102[0m[31m -2[0m: test/get_commits_between_test.dart: getCommitsBetween output count will be greater than 0, if the provided repository and tags are valid[0m
00:00 [32m+103[0m[31m -2[0m: test/get_commits_between_test.dart: getCommitsBetween output count will be greater than 0, if the provided repository and tags are valid[0m
00:00 [32m+104[0m[31m -2[0m: test/get_commits_between_test.dart: getCommitsBetween output count will be greater than 0, if the provided repository and tags are valid[0m
00:00 [32m+105[0m[31m -2[0m: test/get_commits_between_test.dart: getCommitsBetween output count will be greater than 0, if the provided repository and tags are valid[0m
00:00 [32m+106[0m[31m -2[0m: test/get_commits_between_test.dart: getCommitsBetween output count will be greater than 0, if the provided repository and tags are valid[0m
00:00 [32m+107[0m[31m -2[0m: test/get_commits_between_test.dart: getCommitsBetween output count will be greater than 0, if the provided repository and tags are valid[0m
00:00 [32m+108[0m[31m -2[0m: test/get_commits_between_test.dart: getCommitsBetween output count will be greater than 0, if the provided repository and tags are valid[0m
00:00 [32m+109[0m[31m -2[0m: test/get_commits_between_test.dart: getCommitsBetween output count will be greater than 0, if the provided repository and tags are valid[0m
00:00 [32m+110[0m[31m -2[0m: test/get_commits_between_test.dart: getCommitsBetween output count will be greater than 0, if the provided repository and tags are valid[0m
00:00 [32m+111[0m[31m -2[0m: test/get_commits_between_test.dart: getCommitsBetween output count will be greater than 0, if the provided repository and tags are valid[0m
00:00 [32m+112[0m[31m -2[0m: test/get_commits_between_test.dart: getCommitsBetween output count will be greater than 0, if the provided repository and tags are valid[0m
00:00 [32m+113[0m[31m -2[0m: test/get_commits_between_test.dart: getCommitsBetween output count will be greater than 0, if the provided repository and tags are valid[0m
00:00 [32m+114[0m[31m -2[0m: test/get_commits_between_test.dart: getCommitsBetween output count will be greater than 0, if the provided repository and tags are valid[0m
00:00 [32m+115[0m[31m -2[0m: test/get_commits_between_test.dart: getCommitsBetween output count will be greater than 0, if the provided repository and tags are valid[0m
00:00 [32m+116[0m[31m -2[0m: test/get_commits_between_test.dart: getCommitsBetween output count will be greater than 0, if the provided repository and tags are valid[0m
00:00 [32m+117[0m[31m -2[0m: test/get_commits_between_test.dart: getCommitsBetween output count will be greater than 0, if the provided repository and tags are valid[0m
00:00 [32m+118[0m[31m -2[0m: test/get_commits_between_test.dart: getCommitsBetween output count will be greater than 0, if the provided repository and tags are valid[0m
00:00 [32m+119[0m[31m -2[0m: test/get_commits_between_test.dart: getCommitsBetween output count will be greater than 0, if the provided repository and tags are valid[0m
00:00 [32m+120[0m[31m -2[0m: test/get_commits_between_test.dart: getCommitsBetween output count will be greater than 0, if the provided repository and tags are valid[0m
00:00 [32m+121[0m[31m -2[0m: test/get_commits_between_test.dart: getCommitsBetween output count will be greater than 0, if the provided repository and tags are valid[0m
00:00 [32m+122[0m[31m -2[0m: test/get_commits_between_test.dart: getCommitsBetween output count will be greater than 0, if the provided repository and tags are valid[0m
00:00 [32m+123[0m[31m -2[0m: test/get_commits_between_test.dart: getCommitsBetween output count will be greater than 0, if the provided repository and tags are valid[0m
00:00 [32m+124[0m[31m -2[0m: test/get_commits_between_test.dart: getCommitsBetween output count will be greater than 0, if the provided repository and tags are valid[0m
00:00 [32m+125[0m[31m -2[0m: test/get_commits_between_test.dart: getCommitsBetween output count will be greater than 0, if the provided repository and tags are valid[0m
00:00 [32m+126[0m[31m -2[0m: test/get_commits_between_test.dart: getCommitsBetween output count will be greater than 0, if the provided repository and tags are valid[0m
00:00 [32m+127[0m[31m -2[0m: test/get_commits_between_test.dart: getCommitsBetween output count will be greater than 0, if the provided repository and tags are valid[0m
00:00 [32m+128[0m[31m -2[0m: test/get_commits_between_test.dart: getCommitsBetween output count will be greater than 0, if the provided repository and tags are valid[0m
00:00 [32m+129[0m[31m -2[0m: test/get_commits_between_test.dart: getCommitsBetween output count will be greater than 0, if the provided repository and tags are valid[0m
00:00 [32m+130[0m[31m -2[0m: test/get_commits_between_test.dart: getCommitsBetween output count will be greater than 0, if the provided repository and tags are valid[0m
00:00 [32m+131[0m[31m -2[0m: test/get_commits_between_test.dart: getCommitsBetween output count will be greater than 0, if the provided repository and tags are valid[0m
00:00 [32m+132[0m[31m -2[0m: test/get_commits_between_test.dart: getCommitsBetween output count will be greater than 0, if the provided repository and tags are valid[0m
00:00 [32m+133[0m[31m -2[0m: test/get_commits_between_test.dart: getCommitsBetween output count will be greater than 0, if the provided repository and tags are valid[0m
00:00 [32m+134[0m[31m -2[0m: test/get_commits_between_test.dart: getCommitsBetween output count will be greater than 0, if the provided repository and tags are valid[0m
00:00 [32m+135[0m[31m -2[0m: test/get_commits_between_test.dart: getCommitsBetween output count will be greater than 0, if the provided repository and tags are valid[0m
00:00 [32m+136[0m[31m -2[0m: test/get_commits_between_test.dart: getCommitsBetween output count will be greater than 0, if the provided repository and tags are valid[0m
00:00 [32m+137[0m[31m -2[0m: test/get_commits_between_test.dart: getCommitsBetween output count will be greater than 0, if the provided repository and tags are valid[0m
00:00 [32m+138[0m[31m -2[0m: test/get_commits_between_test.dart: getCommitsBetween output count will be greater than 0, if the provided repository and tags are valid[0m
00:00 [32m+139[0m[31m -2[0m: test/get_commits_between_test.dart: getCommitsBetween output count will be greater than 0, if the provided repository and tags are valid[0m
00:00 [32m+140[0m[31m -2[0m: test/get_commits_between_test.dart: getCommitsBetween output count will be greater than 0, if the provided repository and tags are valid[0m
00:00 [32m+141[0m[31m -2[0m: test/get_commits_between_test.dart: getCommitsBetween output count will be greater than 0, if the provided repository and tags are valid[0m
00:00 [32m+142[0m[31m -2[0m: test/get_commits_between_test.dart: getCommitsBetween output count will be greater than 0, if the provided repository and tags are valid[0m
00:00 [32m+143[0m[31m -2[0m: test/get_commits_between_test.dart: getCommitsBetween output count will be greater than 0, if the provided repository and tags are valid[0m
00:00 [32m+144[0m[31m -2[0m: test/get_commits_between_test.dart: getCommitsBetween output count will be greater than 0, if the provided repository and tags are valid[0m
00:00 [32m+145[0m[31m -2[0m: test/get_commits_between_test.dart: getCommitsBetween output count will be greater than 0, if the provided repository and tags are valid[0m
00:00 [32m+146[0m[31m -2[0m: test/get_commits_between_test.dart: getCommitsBetween output count will be greater than 0, if the provided repository and tags are valid[0m
00:00 [32m+147[0m[31m -2[0m: test/get_commits_between_test.dart: getCommitsBetween output count will be greater than 0, if the provided repository and tags are valid[0m
00:00 [32m+148[0m[31m -2[0m: test/get_commits_between_test.dart: getCommitsBetween output count will be greater than 0, if the provided repository and tags are valid[0m
00:00 [32m+149[0m[31m -2[0m: test/get_commits_between_test.dart: getCommitsBetween output count will be greater than 0, if the provided repository and tags are valid[0m
00:00 [32m+150[0m[31m -2[0m: test/get_commits_between_test.dart: getCommitsBetween output count will be greater than 0, if the provided repository and tags are valid[0m
00:00 [32m+151[0m[31m -2[0m: test/get_commits_between_test.dart: getCommitsBetween output count will be greater than 0, if the provided repository and tags are valid[0m
00:00 [32m+152[0m[31m -2[0m: test/get_commits_between_test.dart: getCommitsBetween output count will be greater than 0, if the provided repository and tags are valid[0m
00:00 [32m+153[0m[31m -2[0m: test/get_commits_between_test.dart: getCommitsBetween output count will be greater than 0, if the provided repository and tags are valid[0m
00:00 [32m+154[0m[31m -2[0m: test/get_commits_between_test.dart: getCommitsBetween output count will be greater than 0, if the provided repository and tags are valid[0m
00:00 [32m+155[0m[31m -2[0m: test/get_commits_between_test.dart: getCommitsBetween output count will be greater than 0, if the provided repository and tags are valid[0m
00:00 [32m+156[0m[31m -2[0m: test/get_commits_between_test.dart: getCommitsBetween output count will be greater than 0, if the provided repository and tags are valid[0m
00:00 [32m+157[0m[31m -2[0m: test/get_commits_between_test.dart: getCommitsBetween output count will be greater than 0, if the provided repository and tags are valid[0m
00:00 [32m+158[0m[31m -2[0m: test/get_commits_between_test.dart: getCommitsBetween output count will be greater than 0, if the provided repository and tags are valid[0m
00:00 [32m+159[0m[31m -2[0m: test/get_commits_between_test.dart: getCommitsBetween output count will be greater than 0, if the provided repository and tags are valid[0m
00:00 [32m+160[0m[31m -2[0m: test/get_commits_between_test.dart: getCommitsBetween output count will be greater than 0, if the provided repository and tags are valid[0m
00:00 [32m+161[0m[31m -2[0m: test/get_commits_between_test.dart: getCommitsBetween output count will be greater than 0, if the provided repository and tags are valid[0m
00:00 [32m+162[0m[31m -2[0m: test/get_commits_between_test.dart: getCommitsBetween output count will be greater than 0, if the provided repository and tags are valid[0m
00:00 [32m+163[0m[31m -2[0m: test/get_commits_between_test.dart: getCommitsBetween output count will be greater than 0, if the provided repository and tags are valid[0m
00:00 [32m+164[0m[31m -2[0m: test/get_commits_between_test.dart: getCommitsBetween output count will be greater than 0, if the provided repository and tags are valid[0m
00:00 [32m+165[0m[31m -2[0m: test/get_commits_between_test.dart: getCommitsBetween output count will be greater than 0, if the provided repository and tags are valid[0m
00:01 [32m+166[0m[31m -2[0m: test/get_commits_between_test.dart: getCommitsBetween output count will be greater than 0, if the provided repository and tags are valid[0m
00:02 [32m+167[0m[31m -2[0m: test/get_commits_between_test.dart: getCommitsBetween output count will be greater than 0, if the provided repository and tags are valid[0m
00:03 [32m+168[0m[31m -2[0m: test/get_commits_between_test.dart: getCommitsBetween output count will be greater than 0, if the provided repository and tags are valid[0m
00:03 [32m+169[0m[31m -2[0m: test/get_commits_between_test.dart: getCommitsBetween output count will be greater than 0, if the provided repository and tags are valid[0m
00:03 [32m+170[0m[31m -2[0m: test/get_commits_between_test.dart: getCommitsBetween output count will be greater than 0, if the provided repository and tags are valid[0m
00:03 [32m+171[0m[31m -2[0m: test/get_commits_between_test.dart: getCommitsBetween output count will be greater than 0, if the provided repository and tags are valid[0m
00:04 [32m+172[0m[31m -2[0m: test/get_commits_between_test.dart: getCommitsBetween output count will be greater than 0, if the provided repository and tags are valid[0m
00:04 [32m+173[0m[31m -2[0m: test/get_commits_between_test.dart: getCommitsBetween output count will be greater than 0, if the provided repository and tags are valid[0m
00:04 [32m+174[0m[31m -2[0m: test/get_commits_between_test.dart: getCommitsBetween output count will be greater than 0, if the provided repository and tags are valid[0m
00:04 [32m+175[0m[31m -2[0m: test/get_commits_between_test.dart: getCommitsBetween output count will be greater than 0, if the provided repository and tags are valid[0m
00:04 [32m+176[0m[31m -2[0m: test/get_commits_between_test.dart: getCommitsBetween output count will be greater than 0, if the provided repository and tags are valid[0m
00:04 [32m+177[0m[31m -2[0m: test/rw_git_facade_test.dart: cloneAndGetStatistics will create a ShortStatDto that will contain all the available data[0m
00:04 [32m+178[0m[31m -2[0m: test/rw_git_facade_test.dart: cloneAndGetStatistics will create a ShortStatDto that will contain all the available data[0m
00:04 [32m+179[0m[31m -2[0m: test/rw_git_facade_test.dart: cloneAndGetStatistics will create a ShortStatDto that will contain all the available data[0m
00:04 [32m+180[0m[31m -2[0m: test/rw_git_facade_test.dart: cloneAndGetStatistics will create a ShortStatDto that will contain all the available data[0m
00:04 [32m+181[0m[31m -2[0m: test/rw_git_facade_test.dart: cloneAndGetStatistics will create a ShortStatDto that will contain all the available data[0m
00:04 [32m+182[0m[31m -2[0m: test/rw_git_facade_test.dart: cloneAndGetStatistics will create a ShortStatDto that will contain all the available data[0m
00:04 [32m+183[0m[31m -2[0m: test/rw_git_facade_test.dart: cloneAndGetStatistics will create a ShortStatDto that will contain all the available data[0m
00:04 [32m+184[0m[31m -2[0m: test/rw_git_facade_test.dart: cloneAndGetStatistics will create a ShortStatDto that will contain all the available data[0m
00:04 [32m+185[0m[31m -2[0m: test/rw_git_facade_test.dart: cloneAndGetStatistics will create a ShortStatDto that will contain all the available data[0m
00:04 [32m+186[0m[31m -2[0m: test/rw_git_facade_test.dart: cloneAndGetStatistics will create a ShortStatDto that will contain all the available data[0m
00:04 [32m+187[0m[31m -2[0m: test/rw_git_facade_test.dart: cloneAndGetStatistics will create a ShortStatDto that will contain all the available data[0m
00:04 [32m+188[0m[31m -2[0m: test/rw_git_facade_test.dart: cloneAndGetStatistics will create a ShortStatDto that will contain all the available data[0m
00:04 [32m+189[0m[31m -2[0m: test/rw_git_facade_test.dart: cloneAndGetStatistics will create a ShortStatDto that will contain all the available data[0m
00:04 [32m+190[0m[31m -2[0m: test/rw_git_facade_test.dart: cloneAndGetStatistics will create a ShortStatDto that will contain all the available data[0m
00:04 [32m+191[0m[31m -2[0m: test/rw_git_facade_test.dart: cloneAndGetStatistics will create a ShortStatDto that will contain all the available data[0m
00:06 [32m+192[0m[31m -2[0m: test/rw_git_facade_test.dart: cloneAndGetStatistics will create a ShortStatDto that will contain all the available data[0m
00:06 [32m+193[0m[31m -2[0m: test/rw_git_facade_test.dart: cloneAndGetStatistics will create a ShortStatDto that will contain all the available data[0m
00:08 [32m+194[0m[31m -2[0m: test/git_fetch_tags_test.dart: fetchTags will retrieve a list of tags from a valid git repository[0m
00:08 [32m+195[0m[31m -2[0m: test/git_fetch_tags_test.dart: fetchTags will retrieve a list of tags from a valid git repository[0m
00:08 [32m+196[0m[31m -2[0m: test/git_fetch_tags_test.dart: fetchTags will retrieve a list of tags from a valid git repository[0m
00:08 [32m+197[0m[31m -2[0m: test/git_fetch_tags_test.dart: fetchTags will retrieve a list of tags from a valid git repository[0m
00:08 [32m+198[0m[31m -2[0m: test/git_fetch_tags_test.dart: fetchTags will retrieve a list of tags from a valid git repository[0m
00:08 [32m+199[0m[31m -2[0m: test/git_fetch_tags_test.dart: will return an empty list if the repository does not exist[0m
00:08 [32m+200[0m[31m -2[0m: [31mSome tests failed.[0m
