00:00 [32m+0[0m: [1m[90mloading test/mcp/tools/analyze_bus_factor_tool_test.dart[0m[0m                                                                                                                                     00:00 [32m+0[0m: test/mcp/tools/analyze_bus_factor_tool_test.dart: AnalyzeBusFactorTool has correct name and input schema[0m                                                                                     00:00 [32m+1[0m: test/mcp/tools/analyze_bus_factor_tool_test.dart: AnalyzeBusFactorTool has correct name and input schema[0m                                                                                     00:00 [32m+1[0m: test/mcp/tools/analyze_bus_factor_tool_test.dart: AnalyzeBusFactorTool execute filters high risk files correctly[0m                                                                             00:00 [32m+2[0m: test/mcp/tools/analyze_bus_factor_tool_test.dart: AnalyzeBusFactorTool execute filters high risk files correctly[0m                                                                             00:00 [32m+2[0m: [1m[90mloading test/mcp/tools/analyze_code_quality_with_authors_tool_test.dart[0m[0m                                                                                                                      00:00 [32m+2[0m: test/mcp/tools/analyze_code_quality_with_authors_tool_test.dart: AnalyzeCodeQualityWithAuthorsTool has correct name and input schema[0m                                                         00:00 [32m+3[0m: test/mcp/tools/analyze_code_quality_with_authors_tool_test.dart: AnalyzeCodeQualityWithAuthorsTool has correct name and input schema[0m                                                         00:00 [32m+4[0m: test/mcp/tools/analyze_code_quality_with_authors_tool_test.dart: AnalyzeCodeQualityWithAuthorsTool has correct name and input schema[0m                                                         00:00 [32m+4[0m: test/mcp/tools/analyze_code_quality_with_authors_tool_test.dart: AnalyzeCodeQualityWithAuthorsTool execute returns valid JSON with author data[0m                                               00:00 [32m+5[0m: test/mcp/tools/get_stats_tool_test.dart: GetStatsTool execute returns stats[0m                                                                                                                  00:00 [32m+6[0m: test/mcp/tools/get_stats_tool_test.dart: GetStatsTool execute returns stats[0m                                                                                                                  00:00 [32m+7[0m: test/mcp/tools/get_stats_tool_test.dart: GetStatsTool execute returns stats[0m                                                                                                                  00:00 [32m+8[0m: test/mcp/tools/get_stats_tool_test.dart: GetStatsTool execute returns stats[0m                                                                                                                  00:00 [32m+9[0m: test/mcp/tools/analyze_release_delta_tool_test.dart: AnalyzeReleaseDeltaTool has correct name and input schema[0m                                                                               00:00 [32m+10[0m: test/mcp/tools/fetch_tags_tool_test.dart: FetchTagsTool execute returns tags[0m                                                                                                                00:00 [32m+11[0m: test/mcp/tools/fetch_tags_tool_test.dart: FetchTagsTool execute returns tags[0m                                                                                                                00:00 [32m+12[0m: test/mcp/tools/fetch_tags_tool_test.dart: FetchTagsTool execute returns tags[0m                                                                                                                00:00 [32m+13[0m: test/mcp/tools/fetch_tags_tool_test.dart: FetchTagsTool execute returns tags[0m                                                                                                                00:00 [32m+13[0m: [1m[90mloading test/mcp/tools/execute_git_command_tool_test.dart[0m[0m                                                                                                                                   00:00 [32m+13[0m: test/mcp/tools/execute_git_command_tool_test.dart: ExecuteGitCommandTool has correct name and description[0m                                                                                   00:00 [32m+14[0m: test/mcp/tools/execute_git_command_tool_test.dart: ExecuteGitCommandTool has correct name and description[0m                                                                                   00:00 [32m+14[0m: test/mcp/tools/execute_git_command_tool_test.dart: ExecuteGitCommandTool has valid inputSchema[0m                                                                                              00:00 [32m+15[0m: test/mcp/tools/execute_git_command_tool_test.dart: ExecuteGitCommandTool has valid inputSchema[0m                                                                                              00:00 [32m+15[0m: test/mcp/tools/execute_git_command_tool_test.dart: ExecuteGitCommandTool execute passes arguments correctly and returns stdout[0m                                                              00:00 [32m+16[0m: test/mcp/tools/execute_git_command_tool_test.dart: ExecuteGitCommandTool execute passes arguments correctly and returns stdout[0m                                                              00:00 [32m+16[0m: test/mcp/tools/execute_git_command_tool_test.dart: ExecuteGitCommandTool execute throws GitCommandException on error[0m                                                                        00:00 [32m+17[0m: test/mcp/tools/execute_git_command_tool_test.dart: ExecuteGitCommandTool execute throws GitCommandException on error[0m                                                                        00:00 [32m+17[0m: [1m[90mloading test/mcp/tools/init_repository_tool_test.dart[0m[0m                                                                                                                                       00:00 [32m+17[0m: test/mcp/tools/init_repository_tool_test.dart: InitRepositoryTool execute returns success[0m                                                                                                   00:00 [32m+18[0m: test/mcp/tools/get_commits_between_tool_test.dart: GetCommitsBetweenTool execute returns commits[0m                                                                                            00:00 [32m+19[0m: test/mcp/tools/git_tools_test.dart: InitRepositoryTool[0m                                                                                                                                      00:00 [32m+20[0m: test/mcp/tools/git_tools_test.dart: InitRepositoryTool[0m                                                                                                                                      00:00 [32m+20[0m: test/mcp/tools/git_tools_test.dart: IsGitRepositoryTool[0m                                                                                                                                     00:00 [32m+21[0m: test/mcp/tools/git_tools_test.dart: IsGitRepositoryTool[0m                                                                                                                                     00:00 [32m+21[0m: test/mcp/tools/git_tools_test.dart: CloneRepositoryTool[0m                                                                                                                                     00:00 [32m+22[0m: test/mcp/tools/git_tools_test.dart: CloneRepositoryTool[0m                                                                                                                                     00:00 [32m+22[0m: [1m[90mloading test/mcp/tools/detect_secrets_tool_test.dart[0m[0m                                                                                                                                        00:00 [32m+22[0m: test/mcp/tools/detect_secrets_tool_test.dart: DetectSecretsTool has correct name and description[0m                                                                                            00:00 [32m+23[0m: test/mcp/tools/detect_secrets_tool_test.dart: DetectSecretsTool has correct name and description[0m                                                                                            00:00 [32m+24[0m: test/mcp/tools/detect_secrets_tool_test.dart: DetectSecretsTool has correct name and description[0m                                                                                            00:00 [32m+25[0m: test/mcp/tools/detect_secrets_tool_test.dart: DetectSecretsTool has correct name and description[0m                                                                                            00:00 [32m+26[0m: test/mcp/tools/detect_secrets_tool_test.dart: DetectSecretsTool has correct name and description[0m                                                                                            00:00 [32m+27[0m: test/mcp/tools/detect_secrets_tool_test.dart: DetectSecretsTool has correct name and description[0m                                                                                            00:00 [32m+28[0m: test/mcp/tools/detect_secrets_tool_test.dart: DetectSecretsTool has correct name and description[0m                                                                                            00:00 [32m+29[0m: test/mcp/tools/detect_secrets_tool_test.dart: DetectSecretsTool has correct name and description[0m                                                                                            00:00 [32m+30[0m: test/mcp/tools/detect_secrets_tool_test.dart: DetectSecretsTool has correct name and description[0m                                                                                            00:00 [32m+31[0m: test/mcp/tools/detect_secrets_tool_test.dart: DetectSecretsTool has correct name and description[0m                                                                                            00:00 [32m+31[0m: test/mcp/tools/detect_secrets_tool_test.dart: DetectSecretsTool throws ArgumentError if directory is missing[0m                                                                                00:00 [32m+32[0m: test/mcp/tools/detect_secrets_tool_test.dart: DetectSecretsTool throws ArgumentError if directory is missing[0m                                                                                00:00 [32m+32[0m: test/mcp/tools/detect_secrets_tool_test.dart: DetectSecretsTool returns "No exposed secrets" when none are found[0m                                                                            00:00 [32m+33[0m: test/mcp/tools/clone_repository_tool_test.dart: CloneRepositoryTool execute returns success[0m                                                                                                 00:00 [32m+34[0m: test/mcp/tools/clone_repository_tool_test.dart: CloneRepositoryTool execute returns success[0m                                                                                                 00:00 [32m+35[0m: test/mcp/tools/clone_repository_tool_test.dart: CloneRepositoryTool execute returns success[0m                                                                                                 00:00 [32m+36[0m: test/mcp/tools/clone_repository_tool_test.dart: CloneRepositoryTool execute returns success[0m                                                                                                 00:00 [32m+36[0m: [1m[90mloading test/mcp/tools/clone_and_get_statistics_tool_test.dart[0m[0m                                                                                                                              00:00 [32m+36[0m: test/mcp/tools/clone_and_get_statistics_tool_test.dart: CloneAndGetStatisticsTool execute returns stats[0m                                                                                     00:00 [32m+37[0m: test/mcp/tools/evaluate_comments_tools_test.dart: EvaluateComment Tools EvaluateCommentLlmGenerationTool returns structured JSON[0m                                                            00:00 [32m+38[0m: test/mcp/tools/audit_compliance_tool_test.dart: AuditComplianceTool has correct name and schema[0m                                                                                             00:00 [32m+39[0m: test/mcp/tools/audit_compliance_tool_test.dart: AuditComplianceTool has correct name and schema[0m                                                                                             00:00 [32m+40[0m: test/mcp/tools/evaluate_comments_tools_test.dart: EvaluateComment Tools EvaluateCommentNecessityTool returns structured JSON[0m                                                                00:00 [32m+41[0m: test/mcp/tools/audit_compliance_tool_test.dart: AuditComplianceTool detects unsigned commits[0m                                                                                                00:00 [32m+42[0m: test/mcp/tools/audit_compliance_tool_test.dart: AuditComplianceTool detects unsigned commits[0m                                                                                                00:00 [32m+43[0m: test/mcp/tools/predict_merge_conflicts_tool_test.dart: PredictMergeConflictsTool has correct name and schema[0m                                                                                00:00 [32m+44[0m: test/mcp/tools/predict_merge_conflicts_tool_test.dart: PredictMergeConflictsTool has correct name and schema[0m                                                                                00:00 [32m+45[0m: test/mcp/tools/predict_merge_conflicts_tool_test.dart: PredictMergeConflictsTool has correct name and schema[0m                                                                                00:00 [32m+46[0m: test/mcp/tools/predict_merge_conflicts_tool_test.dart: PredictMergeConflictsTool has correct name and schema[0m                                                                                00:00 [32m+47[0m: test/mcp/tools/predict_merge_conflicts_tool_test.dart: PredictMergeConflictsTool has correct name and schema[0m                                                                                00:00 [32m+47[0m: test/mcp/tools/predict_merge_conflicts_tool_test.dart: PredictMergeConflictsTool detects conflicting files on both branches[0m                                                                 00:00 [32m+48[0m[31m -1[0m: test/mcp/tools/analyze_file_ownership_tool_test.dart: AnalyzeFileOwnershipTool has correct name and schema[0m                                                                               00:00 [32m+48[0m[31m -1[0m: test/mcp/tools/analyze_file_ownership_tool_test.dart: AnalyzeFileOwnershipTool detects ownership drift with CODEOWNERS[0m                                                                   00:00 [32m+48[0m[31m -1[0m: test/mcp/tools/predict_merge_conflicts_tool_test.dart: PredictMergeConflictsTool detects conflicting files on both branches [1m[31m[E][0m[0m                                                          
  Expected: contains 'only_a.dart'
    Actual: []
     Which: does not contain 'only_a.dart'
  
  package:matcher                                             expect
  test/mcp/tools/predict_merge_conflicts_tool_test.dart 82:7  main.<fn>.<fn>
  

[1m[36mTo run this test again:[0m dart test test/mcp/tools/predict_merge_conflicts_tool_test.dart -p vm --plain-name 'PredictMergeConflictsTool detects conflicting files on both branches'
00:00 [32m+49[0m[31m -1[0m: test/mcp/tools/analyze_file_ownership_tool_test.dart: AnalyzeFileOwnershipTool detects ownership drift with CODEOWNERS[0m                                                                   00:00 [32m+49[0m[31m -1[0m: test/mcp/tools/predict_merge_conflicts_tool_test.dart: PredictMergeConflictsTool returns none risk when no conflicts[0m                                                                     00:00 [32m+50[0m[31m -2[0m: test/mcp/tools/analyze_file_ownership_tool_test.dart: AnalyzeFileOwnershipTool handles missing CODEOWNERS[0m                                                                                00:00 [32m+50[0m[31m -2[0m: test/mcp/tools/predict_merge_conflicts_tool_test.dart: PredictMergeConflictsTool returns none risk when no conflicts [1m[31m[E][0m[0m                                                                 
  Expected: 'none'
    Actual: 'low'
     Which: is different.
            Expected: none
              Actual: low
                      ^
             Differ at offset 0
  
  package:matcher                                              expect
  test/mcp/tools/predict_merge_conflicts_tool_test.dart 102:7  main.<fn>.<fn>
  

[1m[36mTo run this test again:[0m dart test test/mcp/tools/predict_merge_conflicts_tool_test.dart -p vm --plain-name 'PredictMergeConflictsTool returns none risk when no conflicts'
00:00 [32m+50[0m[31m -2[0m: [1m[90mloading test/mcp/tools/get_contributions_by_author_tool_test.dart[0m[0m                                                                                                                        00:00 [32m+50[0m[31m -2[0m: test/mcp/tools/get_contributions_by_author_tool_test.dart: GetContributionsByAuthorTool execute returns contributions[0m                                                                    00:00 [32m+51[0m[31m -2[0m: test/mcp/tools/get_contributions_by_author_tool_test.dart: GetContributionsByAuthorTool execute returns contributions[0m                                                                    00:00 [32m+52[0m[31m -2[0m: test/mcp/tools/get_contributions_by_author_tool_test.dart: GetContributionsByAuthorTool execute returns contributions[0m                                                                    00:00 [32m+53[0m[31m -2[0m: test/mcp/tools/analyze_pr_diff_tool_test.dart: AnalyzePrDiffTool has correct name and schema[0m                                                                                             00:00 [32m+54[0m[31m -2[0m: test/mcp/tools/analyze_pr_diff_tool_test.dart: AnalyzePrDiffTool has correct name and schema[0m                                                                                             00:00 [32m+54[0m[31m -2[0m: test/mcp/tools/analyze_pr_diff_tool_test.dart: AnalyzePrDiffTool returns structured JSON with risk scores[0m                                                                                00:00 [32m+55[0m[31m -2[0m: test/mcp/tools/analyze_pr_diff_tool_test.dart: AnalyzePrDiffTool returns structured JSON with risk scores[0m                                                                                00:00 [32m+55[0m[31m -2[0m: test/mcp/tools/analyze_pr_diff_tool_test.dart: AnalyzePrDiffTool respects topN parameter[0m                                                                                                 00:00 [32m+56[0m[31m -2[0m: test/mcp/tools/analyze_pr_diff_tool_test.dart: AnalyzePrDiffTool respects topN parameter[0m                                                                                                 00:00 [32m+56[0m[31m -2[0m: [1m[90mloading test/mcp/tools/checkout_branch_tool_test.dart[0m[0m                                                                                                                                    00:00 [32m+56[0m[31m -2[0m: test/mcp/tools/checkout_branch_tool_test.dart: CheckoutBranchTool execute returns success[0m                                                                                                00:00 [32m+57[0m[31m -2[0m: test/mcp/tools/is_git_repository_tool_test.dart: IsGitRepositoryTool execute returns isGitRepository[0m                                                                                     00:00 [32m+58[0m[31m -2[0m: test/mcp/tools/is_git_repository_tool_test.dart: IsGitRepositoryTool execute returns isGitRepository[0m                                                                                     00:00 [32m+58[0m[31m -2[0m: [1m[90mloading test/mcp/tools/generate_changelog_tool_test.dart[0m[0m                                                                                                                                 00:00 [32m+58[0m[31m -2[0m: test/mcp/tools/generate_changelog_tool_test.dart: GenerateChangelogTool has correct name and schema[0m                                                                                      00:00 [32m+59[0m[31m -2[0m: test/mcp/tools/analyze_code_quality_tool_test.dart: AnalyzeCodeQualityTool has correct name and input schema[0m                                                                             00:00 [32m+60[0m[31m -2[0m: test/mcp/tools/generate_changelog_tool_test.dart: GenerateChangelogTool groups conventional commits correctly[0m                                                                            00:00 [32m+61[0m[31m -2[0m: test/mcp/tools/analyze_code_quality_tool_test.dart: AnalyzeCodeQualityTool execute returns valid JSON with data[0m                                                                          00:00 [32m+62[0m[31m -2[0m: test/mcp/tools/analyze_code_quality_tool_test.dart: AnalyzeCodeQualityTool execute returns valid JSON with data[0m                                                                          00:00 [32m+63[0m[31m -2[0m: test/mcp/tools/analyze_code_quality_tool_test.dart: AnalyzeCodeQualityTool execute returns valid JSON with data[0m                                                                          00:00 [32m+64[0m[31m -2[0m: test/mcp/tools/analyze_commit_velocity_tool_test.dart: AnalyzeCommitVelocityTool has correct name and schema[0m                                                                             00:00 [32m+65[0m[31m -2[0m: test/mcp/tools/analyze_commit_velocity_tool_test.dart: AnalyzeCommitVelocityTool has correct name and schema[0m                                                                             00:00 [32m+66[0m[31m -2[0m: test/mcp/tools/analyze_commit_velocity_tool_test.dart: AnalyzeCommitVelocityTool has correct name and schema[0m                                                                             00:00 [32m+67[0m[31m -2[0m: test/mcp/tools/analyze_commit_velocity_tool_test.dart: AnalyzeCommitVelocityTool has correct name and schema[0m                                                                             00:00 [32m+68[0m[31m -2[0m: test/mcp/tools/analyze_commit_velocity_tool_test.dart: AnalyzeCommitVelocityTool has correct name and schema[0m                                                                             00:00 [32m+68[0m[31m -2[0m: test/mcp/tools/analyze_commit_velocity_tool_test.dart: AnalyzeCommitVelocityTool returns time series data with trends[0m                                                                    00:00 [32m+69[0m[31m -2[0m: test/mcp/tools/analyze_dependency_drift_tool_test.dart: AnalyzeDependencyDriftTool has correct name and schema[0m                                                                           00:00 [32m+70[0m[31m -2[0m: test/mcp/tools/analyze_dependency_drift_tool_test.dart: AnalyzeDependencyDriftTool has correct name and schema[0m                                                                           00:00 [32m+71[0m[31m -2[0m: test/mcp/tools/analyze_commit_velocity_tool_test.dart: AnalyzeCommitVelocityTool supports day granularity[0m                                                                                00:00 [32m+72[0m[31m -2[0m: test/mcp/tools/analyze_dependency_drift_tool_test.dart: AnalyzeDependencyDriftTool analyzes pubspec.yaml pinned vs floating[0m                                                              00:00 [32m+73[0m[31m -2[0m: test/mcp/tools/analyze_dependency_drift_tool_test.dart: AnalyzeDependencyDriftTool analyzes pubspec.yaml pinned vs floating[0m                                                              00:00 [32m+74[0m[31m -2[0m: test/mcp/tools/clone_specific_branch_tool_test.dart: CloneSpecificBranchTool execute returns success[0m                                                                                     00:00 [32m+75[0m[31m -2[0m: test/mcp/tools/clone_specific_branch_tool_test.dart: CloneSpecificBranchTool execute returns success[0m                                                                                     00:00 [32m+76[0m[31m -2[0m: test/mcp/tools/clone_specific_branch_tool_test.dart: CloneSpecificBranchTool execute returns success[0m                                                                                     00:00 [32m+77[0m[31m -2[0m: test/mcp/tools/clone_specific_branch_tool_test.dart: CloneSpecificBranchTool execute returns success[0m                                                                                     00:00 [32m+77[0m[31m -2[0m: [31mSome tests failed.[0m                                                                                                                                                                       

Consider enabling the flag chain-stack-traces to receive more detailed exceptions.
For example, 'dart test --chain-stack-traces'.
